#
# There is insufficient memory for the Java Runtime Environment to continue.
# Native memory allocation (malloc) failed to allocate 67216 bytes. Error detail: Chunk::new
# Possible reasons:
#   The system is out of physical RAM or swap space
#   This process is running with CompressedOops enabled, and the Java Heap may be blocking the growth of the native heap
# Possible solutions:
#   Reduce memory load on the system
#   Increase physical memory or swap space
#   Check if swap backing store is full
#   Decrease Java heap size (-Xmx/-Xms)
#   Decrease number of Java threads
#   Decrease Java thread stack sizes (-Xss)
#   Set larger code cache with -XX:ReservedCodeCacheSize=
#   JVM is running with Unscaled Compressed Oops mode in which the Java heap is
#     placed in the first 4GB address space. The Java Heap base address is the
#     maximum limit for the native heap growth. Please use -XX:HeapBaseMinAddress
#     to set the Java Heap base and to place the Java Heap above 4GB virtual address.
# This output file may be truncated or incomplete.
#
#  Out of Memory Error (arena.cpp:168), pid=73260, tid=76784
#
# JRE version: OpenJDK Runtime Environment Temurin-21.0.11+10 (21.0.11+10) (build 21.0.11+10-LTS)
# Java VM: OpenJDK 64-Bit Server VM Temurin-21.0.11+10 (21.0.11+10-LTS, mixed mode, sharing, tiered, compressed oops, compressed class ptrs, parallel gc, windows-amd64)
# No core dump will be written. Minidumps are not enabled by default on client versions of Windows
#

---------------  S U M M A R Y ------------

Command Line: --add-modules=ALL-SYSTEM --add-opens=java.base/java.util=ALL-UNNAMED --add-opens=java.base/java.lang=ALL-UNNAMED --add-opens=java.base/sun.nio.fs=ALL-UNNAMED -Declipse.application=org.eclipse.jdt.ls.core.id1 -Dosgi.bundles.defaultStartLevel=4 -Declipse.product=org.eclipse.jdt.ls.core.product -Djava.import.generatesMetadataFilesAtProjectRoot=false -DDetectVMInstallationsJob.disabled=true -Dfile.encoding=utf8 -XX:+UseParallelGC -XX:GCTimeRatio=4 -XX:AdaptiveSizePolicyWeight=90 -Dsun.zip.disableMemoryMapping=true -Xmx2G -Xms100m -Xlog:disable -javaagent:c:\Users\Lenovo\.vscode\extensions\redhat.java-1.55.0-win32-x64\lombok\lombok-1.18.39-4050.jar c:\Users\Lenovo\.vscode\extensions\redhat.java-1.55.0-win32-x64\server\plugins\org.eclipse.equinox.launcher_1.7.200.v20260619-2039.jar -configuration c:\Users\Lenovo\AppData\Roaming\Code\User\globalStorage\redhat.java\1.55.0\config_ss_win -data c:\Users\Lenovo\AppData\Roaming\Code\User\workspaceStorage\24adce7cb7229220b5b07852e7fad8cf\redhat.java\ss_ws --pipe=\\.\pipe\lsp-c6f5b40c62b96c30a9659837a8789168-sock

Host: 12th Gen Intel(R) Core(TM) i5-12450H, 12 cores, 15G,  Windows 11 , 64 bit Build 26100 (10.0.26100.8875)
Time: Mon Jul 27 14:50:46 2026 SE Asia Standard Time elapsed time: 26.411789 seconds (0d 0h 0m 26s)

---------------  T H R E A D  ---------------

Current thread (0x0000025cdc2bb960):  JavaThread "C2 CompilerThread0" daemon [_thread_in_native, id=76784, stack(0x000000e9d5e00000,0x000000e9d5f00000) (1024K)]


Current CompileTask:
C2:26411  832       4       java.lang.StringLatin1::newString (24 bytes)

Stack: [0x000000e9d5e00000,0x000000e9d5f00000]
Native frames: (J=compiled Java code, j=interpreted, Vv=VM code, C=native code)
V  [jvm.dll+0x6d7e19]
V  [jvm.dll+0x8b5096]
V  [jvm.dll+0x8b764e]
V  [jvm.dll+0x8b7d33]
V  [jvm.dll+0x284596]
V  [jvm.dll+0xc685d]
V  [jvm.dll+0xc6da1]
V  [jvm.dll+0x3bed31]
V  [jvm.dll+0x38b2b2]
V  [jvm.dll+0x38a6fa]
V  [jvm.dll+0x24c700]
V  [jvm.dll+0x24bce0]
V  [jvm.dll+0x1cb4ae]
V  [jvm.dll+0x25baad]
V  [jvm.dll+0x25a03a]
V  [jvm.dll+0x3f868e]
V  [jvm.dll+0x85fb0d]
V  [jvm.dll+0x6d664d]
C  [ucrtbase.dll+0x2cd30]
C  [KERNEL32.DLL+0x2e957]
C  [ntdll.dll+0xaad6c]


---------------  P R O C E S S  ---------------

Threads class SMR info:
_java_thread_list=0x0000025cf91b3fc0, length=11, elements={
0x0000025cdc1fe140, 0x0000025cdc2a53c0, 0x0000025cdc2a70c0, 0x0000025cdc2a9890,
0x0000025cdc2ac300, 0x0000025cdc2acd60, 0x0000025cdc2ad7c0, 0x0000025cdc2bb960,
0x0000025cf3f8aab0, 0x0000025cf419aaa0, 0x0000025cf4287190
}

Java Threads: ( => current thread )
  0x0000025cdc1fe140 JavaThread "main"                              [_thread_in_vm, id=74796, stack(0x000000e9d5300000,0x000000e9d5400000) (1024K)]
  0x0000025cdc2a53c0 JavaThread "Reference Handler"          daemon [_thread_blocked, id=76740, stack(0x000000e9d5800000,0x000000e9d5900000) (1024K)]
  0x0000025cdc2a70c0 JavaThread "Finalizer"                  daemon [_thread_blocked, id=76744, stack(0x000000e9d5900000,0x000000e9d5a00000) (1024K)]
  0x0000025cdc2a9890 JavaThread "Signal Dispatcher"          daemon [_thread_blocked, id=76764, stack(0x000000e9d5a00000,0x000000e9d5b00000) (1024K)]
  0x0000025cdc2ac300 JavaThread "Attach Listener"            daemon [_thread_blocked, id=76768, stack(0x000000e9d5b00000,0x000000e9d5c00000) (1024K)]
  0x0000025cdc2acd60 JavaThread "Service Thread"             daemon [_thread_blocked, id=76772, stack(0x000000e9d5c00000,0x000000e9d5d00000) (1024K)]
  0x0000025cdc2ad7c0 JavaThread "Monitor Deflation Thread"   daemon [_thread_blocked, id=76776, stack(0x000000e9d5d00000,0x000000e9d5e00000) (1024K)]
=>0x0000025cdc2bb960 JavaThread "C2 CompilerThread0"         daemon [_thread_in_native, id=76784, stack(0x000000e9d5e00000,0x000000e9d5f00000) (1024K)]
  0x0000025cf3f8aab0 JavaThread "C1 CompilerThread0"         daemon [_thread_blocked, id=76796, stack(0x000000e9d5f00000,0x000000e9d6000000) (1024K)]
  0x0000025cf419aaa0 JavaThread "Common-Cleaner"             daemon [_thread_blocked, id=73756, stack(0x000000e9d6000000,0x000000e9d6100000) (1024K)]
  0x0000025cf4287190 JavaThread "Notification Thread"        daemon [_thread_blocked, id=77604, stack(0x000000e9d6100000,0x000000e9d6200000) (1024K)]
Total: 11

Other Threads:
  0x0000025cdc1940c0 VMThread "VM Thread"                           [id=76692, stack(0x000000e9d5700000,0x000000e9d5800000) (1024K)]
  0x0000025cdc08ca00 WatcherThread "VM Periodic Task Thread"        [id=76656, stack(0x000000e9d5600000,0x000000e9d5700000) (1024K)]
  0x0000025cdc21dc50 WorkerThread "GC Thread#0"                     [id=76640, stack(0x000000e9d5500000,0x000000e9d5600000) (1024K)]
Total: 3

Threads with active compile tasks:
C2 CompilerThread0  26437  832       4       java.lang.StringLatin1::newString (24 bytes)
Total: 1

VM state: not at safepoint (normal execution)

VM Mutex/Monitor currently owned by a thread: None

Heap address: 0x0000000080000000, size: 2048 MB, Compressed Oops mode: 32-bit

CDS archive(s) mapped at: [0x0000025c80000000-0x0000025c80ba0000-0x0000025c80ba0000), size 12189696, SharedBaseAddress: 0x0000025c80000000, ArchiveRelocationMode: 1.
Compressed class space mapped at: 0x0000025c81000000-0x0000025cc1000000, reserved size: 1073741824
Narrow klass base: 0x0000025c80000000, Narrow klass shift: 0, Narrow klass range: 0x100000000

GC Precious Log:
 CardTable entry size: 512
 CPUs: 12 total, 12 available
 Memory: 16076M
 Large Page Support: Disabled
 NUMA Support: Disabled
 Compressed Oops: Enabled (32-bit)
 Alignments: Space 512K, Generation 512K, Heap 2M
 Heap Min Capacity: 100M
 Heap Initial Capacity: 100M
 Heap Max Capacity: 2G
 Pre-touch: Disabled
 Parallel Workers: 10

Heap:
 PSYoungGen      total 29696K, used 16611K [0x00000000d5580000, 0x00000000d7680000, 0x0000000100000000)
  eden space 25600K, 64% used [0x00000000d5580000,0x00000000d65b8c70,0x00000000d6e80000)
  from space 4096K, 0% used [0x00000000d7280000,0x00000000d7280000,0x00000000d7680000)
  to   space 4096K, 0% used [0x00000000d6e80000,0x00000000d6e80000,0x00000000d7280000)
 ParOldGen       total 68608K, used 0K [0x0000000080000000, 0x0000000084300000, 0x00000000d5580000)
  object space 68608K, 0% used [0x0000000080000000,0x0000000080000000,0x0000000084300000)
 Metaspace       used 3285K, committed 3520K, reserved 1114112K
  class space    used 350K, committed 512K, reserved 1048576K

Card table byte_map: [0x0000025cdbba0000,0x0000025cdbfb0000] _byte_map_base: 0x0000025cdb7a0000

Marking Bits: (ParMarkBitMap*) 0x00007ffea04c4460
 Begin Bits: [0x0000025cee6b0000, 0x0000025cf06b0000)
 End Bits:   [0x0000025cf06b0000, 0x0000025cf26b0000)

Polling page: 0x0000025cd9fc0000

Metaspace:

Usage:
  Non-class:      2.87 MB used.
      Class:    350.61 KB used.
       Both:      3.21 MB used.

Virtual space:
  Non-class space:       64.00 MB reserved,       2.94 MB (  5%) committed,  1 nodes.
      Class space:        1.00 GB reserved,     512.00 KB ( <1%) committed,  1 nodes.
             Both:        1.06 GB reserved,       3.44 MB ( <1%) committed. 

Chunk freelists:
   Non-Class:  11.50 MB
       Class:  15.50 MB
        Both:  27.00 MB

MaxMetaspaceSize: unlimited
CompressedClassSpaceSize: 1.00 GB
Initial GC threshold: 21.00 MB
Current GC threshold: 21.00 MB
CDS: on
 - commit_granule_bytes: 65536.
 - commit_granule_words: 8192.
 - virtual_space_node_default_size: 8388608.
 - enlarge_chunks_in_place: 1.
 - use_allocation_guard: 0.


Internal statistics:

num_allocs_failed_limit: 0.
num_arena_births: 148.
num_arena_deaths: 0.
num_vsnodes_births: 2.
num_vsnodes_deaths: 0.
num_space_committed: 55.
num_space_uncommitted: 0.
num_chunks_returned_to_freelist: 0.
num_chunks_taken_from_freelist: 189.
num_chunk_merges: 0.
num_chunk_splits: 124.
num_chunks_enlarged: 67.
num_inconsistent_stats: 0.

CodeHeap 'non-profiled nmethods': size=120000Kb used=373Kb max_used=373Kb free=119626Kb
 bounds [0x0000025ce6ed0000, 0x0000025ce7140000, 0x0000025cee400000]
CodeHeap 'profiled nmethods': size=120000Kb used=1328Kb max_used=1328Kb free=118671Kb
 bounds [0x0000025cdf400000, 0x0000025cdf670000, 0x0000025ce6930000]
CodeHeap 'non-nmethods': size=5760Kb used=1188Kb max_used=1203Kb free=4571Kb
 bounds [0x0000025ce6930000, 0x0000025ce6ba0000, 0x0000025ce6ed0000]
CodeCache: size=245760Kb, used=2889Kb, max_used=2904Kb, free=242868Kb
 total_blobs=1325, nmethods=878, adapters=354, full_count=0
Compilation: enabled, stopped_count=0, restarted_count=0

Compilation events (20 events):
Event: 24.378 Thread 0x0000025cf3f8aab0 nmethod 827 0x0000025cdf539f10 code [0x0000025cdf53a0c0, 0x0000025cdf53a268]
Event: 24.378 Thread 0x0000025cf3f8aab0  829       3       java.util.StringTokenizer::nextToken (92 bytes)
Event: 24.378 Thread 0x0000025cf3f8aab0 nmethod 829 0x0000025cdf53a310 code [0x0000025cdf53a500, 0x0000025cdf53a828]
Event: 24.378 Thread 0x0000025cf3f8aab0  830       3       java.lang.String::trim (35 bytes)
Event: 24.378 Thread 0x0000025cf3f8aab0 nmethod 830 0x0000025cdf53a990 code [0x0000025cdf53ab60, 0x0000025cdf53ae30]
Event: 24.378 Thread 0x0000025cf3f8aab0  834       3       java.lang.Enum::equals (11 bytes)
Event: 24.379 Thread 0x0000025cf3f8aab0 nmethod 834 0x0000025cdf53af10 code [0x0000025cdf53b0a0, 0x0000025cdf53b200]
Event: 24.379 Thread 0x0000025cf3f8aab0  835       1       java.lang.invoke.MethodHandles$Lookup::previousLookupClass (5 bytes)
Event: 24.379 Thread 0x0000025cf3f8aab0 nmethod 835 0x0000025ce6f2a010 code [0x0000025ce6f2a1a0, 0x0000025ce6f2a268]
Event: 24.379 Thread 0x0000025cf3f8aab0  837       3       jdk.internal.org.objectweb.asm.ByteVector::enlarge (73 bytes)
Event: 24.379 Thread 0x0000025cf3f8aab0 nmethod 837 0x0000025cdf53b290 code [0x0000025cdf53b460, 0x0000025cdf53b848]
Event: 24.379 Thread 0x0000025cf3f8aab0  836       3       jdk.internal.org.objectweb.asm.Label::<init> (5 bytes)
Event: 24.379 Thread 0x0000025cf3f8aab0 nmethod 836 0x0000025cdf53b990 code [0x0000025cdf53bb40, 0x0000025cdf53bca8]
Event: 24.380 Thread 0x0000025cf3f8aab0  839       3       sun.invoke.util.VerifyAccess::isClassAccessible (230 bytes)
Event: 24.380 Thread 0x0000025cf3f8aab0 nmethod 839 0x0000025cdf53bd90 code [0x0000025cdf53c0a0, 0x0000025cdf53ce90]
Event: 24.380 Thread 0x0000025cf3f8aab0  840       1       java.lang.invoke.MethodType::rtype (5 bytes)
Event: 24.380 Thread 0x0000025cf3f8aab0 nmethod 840 0x0000025ce6f2a710 code [0x0000025ce6f2a8a0, 0x0000025ce6f2a968]
Event: 24.381 Thread 0x0000025cdc2bb960 nmethod 828 0x0000025ce6f2aa10 code [0x0000025ce6f2abe0, 0x0000025ce6f2b220]
Event: 24.381 Thread 0x0000025cdc2bb960  832       4       java.lang.StringLatin1::newString (24 bytes)
Event: 26.410 Thread 0x0000025cf3f8aab0  841       3       java.lang.Integer::getChars (121 bytes)

GC Heap History (0 events):
No events

Dll operation events (8 events):
Event: 6.728 Loaded shared library c:\Users\Lenovo\.vscode\extensions\redhat.java-1.55.0-win32-x64\jre\21.0.11-win32-x86_64\bin\java.dll
Event: 8.305 Loaded shared library c:\Users\Lenovo\.vscode\extensions\redhat.java-1.55.0-win32-x64\jre\21.0.11-win32-x86_64\bin\zip.dll
Event: 8.764 Loaded shared library C:\Users\Lenovo\.vscode\extensions\redhat.java-1.55.0-win32-x64\jre\21.0.11-win32-x86_64\bin\instrument.dll
Event: 11.297 Loaded shared library C:\Users\Lenovo\.vscode\extensions\redhat.java-1.55.0-win32-x64\jre\21.0.11-win32-x86_64\bin\net.dll
Event: 12.429 Loaded shared library C:\Users\Lenovo\.vscode\extensions\redhat.java-1.55.0-win32-x64\jre\21.0.11-win32-x86_64\bin\nio.dll
Event: 12.441 Loaded shared library C:\Users\Lenovo\.vscode\extensions\redhat.java-1.55.0-win32-x64\jre\21.0.11-win32-x86_64\bin\zip.dll
Event: 12.505 Loaded shared library C:\Users\Lenovo\.vscode\extensions\redhat.java-1.55.0-win32-x64\jre\21.0.11-win32-x86_64\bin\jimage.dll
Event: 15.402 Loaded shared library c:\Users\Lenovo\.vscode\extensions\redhat.java-1.55.0-win32-x64\jre\21.0.11-win32-x86_64\bin\verify.dll

Deoptimization events (20 events):
Event: 18.611 Thread 0x0000025cdc1fe140 DEOPT PACKING pc=0x0000025cdf514b7b sp=0x000000e9d53fdee0
Event: 18.612 Thread 0x0000025cdc1fe140 DEOPT UNPACKING pc=0x0000025ce6984242 sp=0x000000e9d53fd358 mode 0
Event: 18.613 Thread 0x0000025cdc1fe140 DEOPT PACKING pc=0x0000025cdf514b7b sp=0x000000e9d53fdee0
Event: 18.613 Thread 0x0000025cdc1fe140 DEOPT UNPACKING pc=0x0000025ce6984242 sp=0x000000e9d53fd358 mode 0
Event: 18.631 Thread 0x0000025cdc1fe140 DEOPT PACKING pc=0x0000025cdf514b7b sp=0x000000e9d53fa8e0
Event: 18.631 Thread 0x0000025cdc1fe140 DEOPT UNPACKING pc=0x0000025ce6984242 sp=0x000000e9d53f9d58 mode 0
Event: 18.689 Thread 0x0000025cdc1fe140 DEOPT PACKING pc=0x0000025cdf514b7b sp=0x000000e9d53fa910
Event: 18.689 Thread 0x0000025cdc1fe140 DEOPT UNPACKING pc=0x0000025ce6984242 sp=0x000000e9d53f9d88 mode 0
Event: 22.344 Thread 0x0000025cdc1fe140 Uncommon trap: trap_request=0xffffff45 fr.pc=0x0000025ce6f185ac relative=0x000000000000008c
Event: 22.344 Thread 0x0000025cdc1fe140 Uncommon trap: reason=unstable_if action=reinterpret pc=0x0000025ce6f185ac method=jdk.internal.misc.Unsafe.convEndian(ZI)I @ 4 c2
Event: 22.344 Thread 0x0000025cdc1fe140 DEOPT PACKING pc=0x0000025ce6f185ac sp=0x000000e9d53fdb10
Event: 22.344 Thread 0x0000025cdc1fe140 DEOPT UNPACKING pc=0x0000025ce6983aa2 sp=0x000000e9d53fda40 mode 2
Event: 24.375 Thread 0x0000025cdc1fe140 Uncommon trap: trap_request=0xffffff45 fr.pc=0x0000025ce6f00f60 relative=0x0000000000000600
Event: 24.375 Thread 0x0000025cdc1fe140 Uncommon trap: reason=unstable_if action=reinterpret pc=0x0000025ce6f00f60 method=java.lang.AbstractStringBuilder.append(Ljava/lang/String;)Ljava/lang/AbstractStringBuilder; @ 1 c2
Event: 24.375 Thread 0x0000025cdc1fe140 DEOPT PACKING pc=0x0000025ce6f00f60 sp=0x000000e9d53fde70
Event: 24.375 Thread 0x0000025cdc1fe140 DEOPT UNPACKING pc=0x0000025ce6983aa2 sp=0x000000e9d53fde00 mode 2
Event: 24.375 Thread 0x0000025cdc1fe140 Uncommon trap: trap_request=0xffffff45 fr.pc=0x0000025ce6f028cc relative=0x00000000000005ec
Event: 24.375 Thread 0x0000025cdc1fe140 Uncommon trap: reason=unstable_if action=reinterpret pc=0x0000025ce6f028cc method=java.lang.AbstractStringBuilder.append(Ljava/lang/String;)Ljava/lang/AbstractStringBuilder; @ 1 c2
Event: 24.376 Thread 0x0000025cdc1fe140 DEOPT PACKING pc=0x0000025ce6f028cc sp=0x000000e9d53fde20
Event: 24.376 Thread 0x0000025cdc1fe140 DEOPT UNPACKING pc=0x0000025ce6983aa2 sp=0x000000e9d53fde08 mode 2

Classes loaded (20 events):
Event: 22.344 Loading class sun/net/www/MimeTable$DefaultInstanceHolder
Event: 22.344 Loading class sun/net/www/MimeTable$DefaultInstanceHolder done
Event: 22.344 Loading class sun/net/www/MimeTable$DefaultInstanceHolder$1
Event: 22.344 Loading class sun/net/www/MimeTable$DefaultInstanceHolder$1 done
Event: 24.375 Loading class sun/net/www/MimeEntry
Event: 24.375 Loading class sun/net/www/MimeEntry done
Event: 24.378 Loading class java/util/regex/Pattern$1MatcherIterator
Event: 24.378 Loading class java/util/regex/Pattern$1MatcherIterator done
Event: 24.379 Loading class java/util/ImmutableCollections$Access
Event: 24.379 Loading class java/util/ImmutableCollections$Access done
Event: 24.379 Loading class java/util/ImmutableCollections$Access$1
Event: 24.379 Loading class jdk/internal/access/JavaUtilCollectionAccess
Event: 24.379 Loading class jdk/internal/access/JavaUtilCollectionAccess done
Event: 24.379 Loading class java/util/ImmutableCollections$Access$1 done
Event: 24.380 Loading class java/util/stream/Nodes$SpinedNodeBuilder
Event: 24.381 Loading class java/util/stream/SpinedBuffer
Event: 24.381 Loading class java/util/stream/AbstractSpinedBuffer
Event: 24.381 Loading class java/util/stream/AbstractSpinedBuffer done
Event: 24.381 Loading class java/util/stream/SpinedBuffer done
Event: 24.381 Loading class java/util/stream/Nodes$SpinedNodeBuilder done

Classes unloaded (0 events):
No events

Classes redefined (0 events):
No events

Internal exceptions (20 events):
Event: 12.484 Thread 0x0000025cdc1fe140 Exception <a 'java/lang/NoSuchMethodError'{0x00000000d5911db0}: 'java.lang.Object java.lang.invoke.Invokers$Holder.invokeExact_MT(java.lang.Object, java.lang.Object, java.lang.Object, java.lang.Object, java.lang.Object)'> (0x00000000d5911db0) 
thrown [s\src\hotspot\share\interpreter\linkResolver.cpp, line 773]
Event: 12.634 Thread 0x0000025cdc1fe140 Exception <a 'java/lang/NoSuchMethodError'{0x00000000d59ca290}: 'int java.lang.invoke.DirectMethodHandle$Holder.invokeSpecial(java.lang.Object, java.lang.Object, java.lang.Object, int)'> (0x00000000d59ca290) 
thrown [s\src\hotspot\share\interpreter\linkResolver.cpp, line 773]
Event: 12.640 Thread 0x0000025cdc1fe140 Exception <a 'java/lang/NoSuchMethodError'{0x00000000d59dcc78}: 'java.lang.Object java.lang.invoke.DirectMethodHandle$Holder.invokeStatic(java.lang.Object, java.lang.Object, java.lang.Object, java.lang.Object, int)'> (0x00000000d59dcc78) 
thrown [s\src\hotspot\share\interpreter\linkResolver.cpp, line 773]
Event: 12.643 Thread 0x0000025cdc1fe140 Exception <a 'java/lang/NoSuchMethodError'{0x00000000d59e80b8}: 'void java.lang.invoke.DelegatingMethodHandle$Holder.reinvoke_L(java.lang.Object, java.lang.Object, java.lang.Object, int, java.lang.Object)'> (0x00000000d59e80b8) 
thrown [s\src\hotspot\share\interpreter\linkResolver.cpp, line 773]
Event: 12.647 Thread 0x0000025cdc1fe140 Exception <a 'java/lang/NoSuchMethodError'{0x00000000d59f8bb0}: 'int java.lang.invoke.DirectMethodHandle$Holder.invokeSpecial(java.lang.Object, java.lang.Object, java.lang.Object)'> (0x00000000d59f8bb0) 
thrown [s\src\hotspot\share\interpreter\linkResolver.cpp, line 773]
Event: 12.656 Thread 0x0000025cdc1fe140 Exception <a 'java/lang/NoSuchMethodError'{0x00000000d5a04870}: 'java.lang.Object java.lang.invoke.DirectMethodHandle$Holder.invokeStatic(java.lang.Object, java.lang.Object, int)'> (0x00000000d5a04870) 
thrown [s\src\hotspot\share\interpreter\linkResolver.cpp, line 773]
Event: 12.657 Thread 0x0000025cdc1fe140 Exception <a 'java/lang/NoSuchMethodError'{0x00000000d5a091c0}: 'void java.lang.invoke.DirectMethodHandle$Holder.invokeStatic(java.lang.Object, java.lang.Object, int, java.lang.Object)'> (0x00000000d5a091c0) 
thrown [s\src\hotspot\share\interpreter\linkResolver.cpp, line 773]
Event: 12.658 Thread 0x0000025cdc1fe140 Exception <a 'java/lang/NoSuchMethodError'{0x00000000d5a0cd50}: 'void java.lang.invoke.DirectMethodHandle$Holder.invokeSpecial(java.lang.Object, java.lang.Object, java.lang.Object, int, java.lang.Object)'> (0x00000000d5a0cd50) 
thrown [s\src\hotspot\share\interpreter\linkResolver.cpp, line 773]
Event: 12.661 Thread 0x0000025cdc1fe140 Exception <a 'java/lang/NoSuchMethodError'{0x00000000d5a101c0}: 'void java.lang.invoke.DelegatingMethodHandle$Holder.delegate(java.lang.Object, java.lang.Object, int, java.lang.Object)'> (0x00000000d5a101c0) 
thrown [s\src\hotspot\share\interpreter\linkResolver.cpp, line 773]
Event: 15.478 Thread 0x0000025cdc1fe140 Exception <a 'java/lang/NoSuchMethodError'{0x00000000d5bd0540}: 'void java.lang.invoke.DelegatingMethodHandle$Holder.reinvoke_L(java.lang.Object, java.lang.Object, java.lang.Object, int)'> (0x00000000d5bd0540) 
thrown [s\src\hotspot\share\interpreter\linkResolver.cpp, line 773]
Event: 17.084 Thread 0x0000025cdc1fe140 Exception <a 'java/lang/NoSuchMethodError'{0x00000000d6061220}: 'void java.lang.invoke.DirectMethodHandle$Holder.invokeVirtual(java.lang.Object, java.lang.Object)'> (0x00000000d6061220) 
thrown [s\src\hotspot\share\interpreter\linkResolver.cpp, line 773]
Event: 18.727 Thread 0x0000025cdc1fe140 Exception <a 'java/lang/NoSuchMethodError'{0x00000000d643e948}: 'void java.lang.invoke.DirectMethodHandle$Holder.invokeStatic(java.lang.Object, java.lang.Object)'> (0x00000000d643e948) 
thrown [s\src\hotspot\share\interpreter\linkResolver.cpp, line 773]
Event: 18.776 Thread 0x0000025cdc1fe140 Exception <a 'java/lang/ClassNotFoundException'{0x00000000d6465ba0}: sun/net/www/protocol/c/Handler> (0x00000000d6465ba0) 
thrown [s\src\hotspot\share\classfile\systemDictionary.cpp, line 313]
Event: 22.341 Thread 0x0000025cdc1fe140 Exception <a 'java/io/FileNotFoundException'{0x00000000d64c2058}> (0x00000000d64c2058) 
thrown [s\src\hotspot\share\prims\jni.cpp, line 520]
Event: 22.341 Thread 0x0000025cdc1fe140 Exception <a 'java/io/FileNotFoundException'{0x00000000d64c3380}> (0x00000000d64c3380) 
thrown [s\src\hotspot\share\prims\jni.cpp, line 520]
Event: 22.342 Thread 0x0000025cdc1fe140 Exception <a 'java/io/FileNotFoundException'{0x00000000d64c3ff8}> (0x00000000d64c3ff8) 
thrown [s\src\hotspot\share\prims\jni.cpp, line 520]
Event: 22.342 Thread 0x0000025cdc1fe140 Exception <a 'java/io/FileNotFoundException'{0x00000000d64c4b38}> (0x00000000d64c4b38) 
thrown [s\src\hotspot\share\prims\jni.cpp, line 520]
Event: 24.375 Thread 0x0000025cdc1fe140 Implicit null exception at 0x0000025ce6f009a4 to 0x0000025ce6f00f48
Event: 24.375 Thread 0x0000025cdc1fe140 Implicit null exception at 0x0000025ce6f02320 to 0x0000025ce6f028b4
Event: 24.378 Thread 0x0000025cdc1fe140 Exception <a 'java/io/FileNotFoundException'{0x00000000d64fcfa8}> (0x00000000d64fcfa8) 
thrown [s\src\hotspot\share\prims\jni.cpp, line 520]

ZGC Phase Switch (0 events):
No events

VM Operations (20 events):
Event: 12.559 Executing non-safepoint VM operation: HandshakeAllThreads (Deoptimize)
Event: 12.559 Executing non-safepoint VM operation: HandshakeAllThreads (Deoptimize) done
Event: 12.559 Executing safepoint VM operation: Cleanup
Event: 12.559 Executing safepoint VM operation: Cleanup done
Event: 13.569 Executing safepoint VM operation: Cleanup
Event: 15.405 Executing safepoint VM operation: Cleanup done
Event: 16.411 Executing safepoint VM operation: Cleanup
Event: 16.411 Executing safepoint VM operation: Cleanup done
Event: 17.421 Executing safepoint VM operation: Cleanup
Event: 18.112 Executing safepoint VM operation: Cleanup done
Event: 18.511 Executing non-safepoint VM operation: HandshakeAllThreads (Deoptimize)
Event: 18.511 Executing non-safepoint VM operation: HandshakeAllThreads (Deoptimize) done
Event: 18.683 Executing non-safepoint VM operation: HandshakeAllThreads (Deoptimize)
Event: 18.683 Executing non-safepoint VM operation: HandshakeAllThreads (Deoptimize) done
Event: 19.696 Executing safepoint VM operation: Cleanup
Event: 19.696 Executing safepoint VM operation: Cleanup done
Event: 22.709 Executing safepoint VM operation: Cleanup
Event: 24.374 Executing safepoint VM operation: Cleanup done
Event: 25.380 Executing safepoint VM operation: Cleanup
Event: 25.380 Executing safepoint VM operation: Cleanup done

Memory protections (0 events):
No events

Nmethod flushes (0 events):
No events

Events (17 events):
Event: 7.052 Thread 0x0000025cdc1fe140 Thread added: 0x0000025cdc1fe140
Event: 7.348 Thread 0x0000025cdc1fe140 Thread added: 0x0000025cdc2a53c0
Event: 7.349 Thread 0x0000025cdc1fe140 Thread added: 0x0000025cdc2a70c0
Event: 7.356 Thread 0x0000025cdc1fe140 Thread added: 0x0000025cdc2a9890
Event: 7.356 Thread 0x0000025cdc1fe140 Thread added: 0x0000025cdc2ac300
Event: 7.358 Thread 0x0000025cdc1fe140 Thread added: 0x0000025cdc2acd60
Event: 7.358 Thread 0x0000025cdc1fe140 Thread added: 0x0000025cdc2ad7c0
Event: 7.401 Thread 0x0000025cdc1fe140 Thread added: 0x0000025cdc2bb960
Event: 7.452 Thread 0x0000025cdc1fe140 Thread added: 0x0000025cf3f8aab0
Event: 8.801 Thread 0x0000025cdc1fe140 Thread added: 0x0000025cf419aaa0
Event: 12.773 Thread 0x0000025cdc2bb960 Thread added: 0x0000025cf41a7000
Event: 15.416 Thread 0x0000025cf41a7000 Thread exited: 0x0000025cf41a7000
Event: 15.801 Thread 0x0000025cdc1fe140 Thread added: 0x0000025cf4287190
Event: 18.125 Thread 0x0000025cf3f8aab0 Thread added: 0x0000025cf42804b0
Event: 18.191 Thread 0x0000025cf3f8aab0 Thread added: 0x0000025cf42aeee0
Event: 22.316 Thread 0x0000025cf42804b0 Thread exited: 0x0000025cf42804b0
Event: 22.316 Thread 0x0000025cf42aeee0 Thread exited: 0x0000025cf42aeee0


Dynamic libraries:
0x00007ff6056b0000 - 0x00007ff6056be000 	c:\Users\Lenovo\.vscode\extensions\redhat.java-1.55.0-win32-x64\jre\21.0.11-win32-x86_64\bin\java.exe
0x00007fff25940000 - 0x00007fff25ba6000 	C:\Windows\SYSTEM32\ntdll.dll
0x00007fff23970000 - 0x00007fff23a39000 	C:\Windows\System32\KERNEL32.DLL
0x00007fff23040000 - 0x00007fff2343e000 	C:\Windows\System32\KERNELBASE.dll
0x00007fff23510000 - 0x00007fff2365c000 	C:\Windows\System32\ucrtbase.dll
0x00007fff0c3a0000 - 0x00007fff0c3be000 	c:\Users\Lenovo\.vscode\extensions\redhat.java-1.55.0-win32-x64\jre\21.0.11-win32-x86_64\bin\VCRUNTIME140.dll
0x00007ffef4cb0000 - 0x00007ffef4cc8000 	c:\Users\Lenovo\.vscode\extensions\redhat.java-1.55.0-win32-x64\jre\21.0.11-win32-x86_64\bin\jli.dll
0x00007fff24c00000 - 0x00007fff24dc7000 	C:\Windows\System32\USER32.dll
0x00007fff22e30000 - 0x00007fff22e57000 	C:\Windows\System32\win32u.dll
0x00007fff23670000 - 0x00007fff2369b000 	C:\Windows\System32\GDI32.dll
0x00007fff22f10000 - 0x00007fff2303a000 	C:\Windows\System32\gdi32full.dll
0x00007fff22e60000 - 0x00007fff22f03000 	C:\Windows\System32\msvcp_win.dll
0x00007fff00090000 - 0x00007fff00322000 	C:\Windows\WinSxS\amd64_microsoft.windows.common-controls_6595b64144ccf1df_6.0.26100.8875_none_3e0d5d42e32fe9dd\COMCTL32.dll
0x00007fff24630000 - 0x00007fff246d9000 	C:\Windows\System32\msvcrt.dll
0x00007fff24030000 - 0x00007fff24062000 	C:\Windows\System32\IMM32.DLL
0x00007fff1f100000 - 0x00007fff1f10c000 	c:\Users\Lenovo\.vscode\extensions\redhat.java-1.55.0-win32-x64\jre\21.0.11-win32-x86_64\bin\vcruntime140_1.dll
0x00007ffef0990000 - 0x00007ffef0a1d000 	c:\Users\Lenovo\.vscode\extensions\redhat.java-1.55.0-win32-x64\jre\21.0.11-win32-x86_64\bin\msvcp140.dll
0x00007ffe9f800000 - 0x00007ffea05a2000 	c:\Users\Lenovo\.vscode\extensions\redhat.java-1.55.0-win32-x64\jre\21.0.11-win32-x86_64\bin\server\jvm.dll
0x00007fff238b0000 - 0x00007fff23967000 	C:\Windows\System32\ADVAPI32.dll
0x00007fff24470000 - 0x00007fff2451a000 	C:\Windows\System32\sechost.dll
0x00007fff23e50000 - 0x00007fff23f68000 	C:\Windows\System32\RPCRT4.dll
0x00007fff24de0000 - 0x00007fff24e60000 	C:\Windows\System32\WS2_32.dll
0x00007fff229c0000 - 0x00007fff22a1e000 	C:\Windows\SYSTEM32\POWRPROF.dll
0x00007fff1c6c0000 - 0x00007fff1c6f6000 	C:\Windows\SYSTEM32\WINMM.dll
0x00007fff06210000 - 0x00007fff0621b000 	C:\Windows\SYSTEM32\VERSION.dll
0x00007fff229a0000 - 0x00007fff229b4000 	C:\Windows\SYSTEM32\UMPDC.dll
0x00007fff21810000 - 0x00007fff2182b000 	C:\Windows\SYSTEM32\kernel.appcore.dll
0x00007fff1ec80000 - 0x00007fff1ec8a000 	c:\Users\Lenovo\.vscode\extensions\redhat.java-1.55.0-win32-x64\jre\21.0.11-win32-x86_64\bin\jimage.dll
0x00007fff1f950000 - 0x00007fff1fb92000 	C:\Windows\SYSTEM32\DBGHELP.DLL
0x00007fff23a40000 - 0x00007fff23dc3000 	C:\Windows\System32\combase.dll
0x00007fff241e0000 - 0x00007fff242b9000 	C:\Windows\System32\OLEAUT32.dll
0x00007ffef2510000 - 0x00007ffef254b000 	C:\Windows\SYSTEM32\dbgcore.DLL
0x00007fff23450000 - 0x00007fff234fc000 	C:\Windows\System32\bcryptPrimitives.dll
0x00007fff1ec50000 - 0x00007fff1ec5f000 	c:\Users\Lenovo\.vscode\extensions\redhat.java-1.55.0-win32-x64\jre\21.0.11-win32-x86_64\bin\instrument.dll
0x00007ffef3ee0000 - 0x00007ffef3f00000 	c:\Users\Lenovo\.vscode\extensions\redhat.java-1.55.0-win32-x64\jre\21.0.11-win32-x86_64\bin\java.dll
0x00007fff24f60000 - 0x00007fff256f2000 	C:\Windows\System32\SHELL32.dll
0x00007fff205c0000 - 0x00007fff20e52000 	C:\Windows\SYSTEM32\windows.storage.dll
0x00007fff24090000 - 0x00007fff24187000 	C:\Windows\System32\SHCORE.dll
0x00007fff24e70000 - 0x00007fff24ed7000 	C:\Windows\System32\shlwapi.dll
0x00007fff22a80000 - 0x00007fff22aa9000 	C:\Windows\SYSTEM32\profapi.dll
0x00007ffef3df0000 - 0x00007ffef3e08000 	c:\Users\Lenovo\.vscode\extensions\redhat.java-1.55.0-win32-x64\jre\21.0.11-win32-x86_64\bin\zip.dll
0x00007fff1d120000 - 0x00007fff1d130000 	C:\Users\Lenovo\.vscode\extensions\redhat.java-1.55.0-win32-x64\jre\21.0.11-win32-x86_64\bin\net.dll
0x00007fff1c700000 - 0x00007fff1c827000 	C:\Windows\SYSTEM32\WINHTTP.dll
0x00007fff21da0000 - 0x00007fff21e0c000 	C:\Windows\system32\mswsock.dll
0x00007ffef1ed0000 - 0x00007ffef1ee6000 	C:\Users\Lenovo\.vscode\extensions\redhat.java-1.55.0-win32-x64\jre\21.0.11-win32-x86_64\bin\nio.dll
0x00007fff0c890000 - 0x00007fff0c8a0000 	c:\Users\Lenovo\.vscode\extensions\redhat.java-1.55.0-win32-x64\jre\21.0.11-win32-x86_64\bin\verify.dll

JVMTI agents:
c:\Users\Lenovo\.vscode\extensions\redhat.java-1.55.0-win32-x64\lombok\lombok-1.18.39-4050.jar path:c:\Users\Lenovo\.vscode\extensions\redhat.java-1.55.0-win32-x64\jre\21.0.11-win32-x86_64\bin\instrument.dll, loaded, initialized, instrumentlib options:none

dbghelp: loaded successfully - version: 4.0.5 - missing functions: none
symbol engine: initialized successfully - sym options: 0x614 - pdb path: .;c:\Users\Lenovo\.vscode\extensions\redhat.java-1.55.0-win32-x64\jre\21.0.11-win32-x86_64\bin;C:\Windows\SYSTEM32;C:\Windows\WinSxS\amd64_microsoft.windows.common-controls_6595b64144ccf1df_6.0.26100.8875_none_3e0d5d42e32fe9dd;c:\Users\Lenovo\.vscode\extensions\redhat.java-1.55.0-win32-x64\jre\21.0.11-win32-x86_64\bin\server

VM Arguments:
jvm_args: --add-modules=ALL-SYSTEM --add-opens=java.base/java.util=ALL-UNNAMED --add-opens=java.base/java.lang=ALL-UNNAMED --add-opens=java.base/sun.nio.fs=ALL-UNNAMED -Declipse.application=org.eclipse.jdt.ls.core.id1 -Dosgi.bundles.defaultStartLevel=4 -Declipse.product=org.eclipse.jdt.ls.core.product -Djava.import.generatesMetadataFilesAtProjectRoot=false -DDetectVMInstallationsJob.disabled=true -Dfile.encoding=utf8 -XX:+UseParallelGC -XX:GCTimeRatio=4 -XX:AdaptiveSizePolicyWeight=90 -Dsun.zip.disableMemoryMapping=true -Xmx2G -Xms100m -Xlog:disable -javaagent:c:\Users\Lenovo\.vscode\extensions\redhat.java-1.55.0-win32-x64\lombok\lombok-1.18.39-4050.jar 
java_command: c:\Users\Lenovo\.vscode\extensions\redhat.java-1.55.0-win32-x64\server\plugins\org.eclipse.equinox.launcher_1.7.200.v20260619-2039.jar -configuration c:\Users\Lenovo\AppData\Roaming\Code\User\globalStorage\redhat.java\1.55.0\config_ss_win -data c:\Users\Lenovo\AppData\Roaming\Code\User\workspaceStorage\24adce7cb7229220b5b07852e7fad8cf\redhat.java\ss_ws --pipe=\\.\pipe\lsp-c6f5b40c62b96c30a9659837a8789168-sock
java_class_path (initial): c:\Users\Lenovo\.vscode\extensions\redhat.java-1.55.0-win32-x64\server\plugins\org.eclipse.equinox.launcher_1.7.200.v20260619-2039.jar
Launcher Type: SUN_STANDARD

[Global flags]
    uintx AdaptiveSizePolicyWeight                 = 90                                        {product} {command line}
     intx CICompilerCount                          = 4                                         {product} {ergonomic}
    uintx GCTimeRatio                              = 4                                         {product} {command line}
   size_t InitialHeapSize                          = 104857600                                 {product} {command line}
   size_t MaxHeapSize                              = 2147483648                                {product} {command line}
   size_t MaxNewSize                               = 715653120                                 {product} {ergonomic}
   size_t MinHeapDeltaBytes                        = 524288                                    {product} {ergonomic}
   size_t MinHeapSize                              = 104857600                                 {product} {command line}
   size_t NewSize                                  = 34603008                                  {product} {ergonomic}
    uintx NonNMethodCodeHeapSize                   = 5839372                                {pd product} {ergonomic}
    uintx NonProfiledCodeHeapSize                  = 122909434                              {pd product} {ergonomic}
   size_t OldSize                                  = 70254592                                  {product} {ergonomic}
    uintx ProfiledCodeHeapSize                     = 122909434                              {pd product} {ergonomic}
    uintx ReservedCodeCacheSize                    = 251658240                              {pd product} {ergonomic}
     bool SegmentedCodeCache                       = true                                      {product} {ergonomic}
   size_t SoftMaxHeapSize                          = 2147483648                             {manageable} {ergonomic}
     bool UseCompressedOops                        = true                           {product lp64_product} {ergonomic}
     bool UseLargePagesIndividualAllocation        = false                                  {pd product} {ergonomic}
     bool UseParallelGC                            = true                                      {product} {command line}

Logging:
Log output configuration:
 #0: stdout all=off uptime,level,tags foldmultilines=false
 #1: stderr all=off uptime,level,tags foldmultilines=false

Release file:
JAVA_VERSION="21.0.11" 
MODULES="java.base java.compiler java.datatransfer java.xml java.prefs java.desktop java.instrument java.logging java.management java.security.sasl java.naming java.rmi java.management.rmi java.net.http java.scripting java.security.jgss java.transaction.xa java.sql java.sql.rowset java.xml.crypto java.se java.smartcardio jdk.accessibility jdk.internal.jvmstat jdk.attach jdk.charsets jdk.internal.opt jdk.zipfs jdk.compiler jdk.crypto.ec jdk.crypto.cryptoki jdk.crypto.mscapi jdk.dynalink jdk.internal.ed jdk.editpad jdk.hotspot.agent jdk.httpserver jdk.internal.le jdk.internal.vm.ci jdk.internal.vm.compiler jdk.internal.vm.compiler.management jdk.jartool jdk.javadoc jdk.jcmd jdk.management jdk.management.agent jdk.jconsole jdk.jdeps jdk.jdwp.agent jdk.jdi jdk.jfr jdk.jshell jdk.jsobject jdk.jstatd jdk.localedata jdk.management.jfr jdk.naming.dns jdk.naming.rmi jdk.net jdk.nio.mapmode jdk.random jdk.sctp jdk.security.auth jdk.security.jgss jdk.unsupported jdk.unsupported.desktop jdk.xml.dom" 

Environment Variables:
JAVA_HOME=C:\Program Files\Eclipse Adoptium\jdk-25.0.2.10-hotspot\
PATH=C:\Program Files\Eclipse Adoptium\jdk-25.0.2.10-hotspot\bin;C:\Program Files\Common Files\Oracle\Java\javapath;C:\Windows\system32;C:\Windows;C:\Windows\System32\Wbem;C:\Windows\System32\WindowsPowerShell\v1.0\;C:\Windows\System32\OpenSSH\;C:\winlibs-x86_64-posix-seh-gcc-15.2.0-mingw-w64ucrt-13.0.0-r1\mingw64\bin;C:\Program Files\Netbird;C:\xampp\php;C:\ProgramData\ComposerSetup\bin;C:\Program Files\Java\jdk-21.0.10\bin;C:\Program Files\Git\cmd;C:\Program Files\nodejs\;D:\app\anaconda3;D:\app\anaconda3\Library\mingw-w64\bin;D:\app\anaconda3\Library\usr\bin;D:\app\anaconda3\Library\bin;D:\app\anaconda3\Scripts;C:\Program Files\MySQL\MySQL Shell 8.0\bin\;C:\Users\Lenovo\AppData\Local\Microsoft\WindowsApps;C:\Users\Lenovo\AppData\Local\Programs\Microsoft VS Code\bin;C:\MinGW\bin;C:\Users\Lenovo\AppData\Roaming\Composer\vendor\bin;C:\ProgramData\Lenovo\GitHubDesktop\bin;C:\Users\Lenovo\AppData\Local\GitHubDesktop\bin;C:\Users\Lenovo\AppData\Local\Python\bin;C:\flutter\flutter\bin;C:\Users\Lenovo\AppData\Roaming\npm;C:\Users\Lenovo\AppData\Local\Programs\Antigravity\bin
USERNAME=Lenovo
OS=Windows_NT
PROCESSOR_IDENTIFIER=Intel64 Family 6 Model 154 Stepping 3, GenuineIntel
TMP=C:\Users\Lenovo\AppData\Local\Temp
TEMP=C:\Users\Lenovo\AppData\Local\Temp




Periodic native trim disabled

---------------  S Y S T E M  ---------------

OS:
 Windows 11 , 64 bit Build 26100 (10.0.26100.8875)
OS uptime: 0 days 1:19 hours
Hyper-V role detected

CPU: total 12 (initial active 12) (6 cores per cpu, 2 threads per core) family 6 model 154 stepping 3 microcode 0x433, cx8, cmov, fxsr, ht, mmx, 3dnowpref, sse, sse2, sse3, ssse3, sse4.1, sse4.2, popcnt, lzcnt, tsc, tscinvbit, avx, avx2, aes, erms, clmul, bmi1, bmi2, adx, sha, fma, vzeroupper, clflush, clflushopt, clwb, hv, serialize, rdtscp, rdpid, fsrm, f16c, cet_ibt, cet_ss
Processor Information for processor 0
  Max Mhz: 2000, Current Mhz: 1520, Mhz Limit: 2000
Processor Information for processor 1
  Max Mhz: 2000, Current Mhz: 2000, Mhz Limit: 2000
Processor Information for processor 2
  Max Mhz: 2000, Current Mhz: 2000, Mhz Limit: 2000
Processor Information for processor 3
  Max Mhz: 2000, Current Mhz: 2000, Mhz Limit: 2000
Processor Information for processor 4
  Max Mhz: 2000, Current Mhz: 2000, Mhz Limit: 2000
Processor Information for processor 5
  Max Mhz: 2000, Current Mhz: 2000, Mhz Limit: 2000
Processor Information for processor 6
  Max Mhz: 2000, Current Mhz: 2000, Mhz Limit: 2000
Processor Information for processor 7
  Max Mhz: 2000, Current Mhz: 2000, Mhz Limit: 2000
Processor Information for processor 8
  Max Mhz: 2000, Current Mhz: 1500, Mhz Limit: 1500
Processor Information for processor 9
  Max Mhz: 2000, Current Mhz: 1500, Mhz Limit: 1500
Processor Information for processor 10
  Max Mhz: 2000, Current Mhz: 1500, Mhz Limit: 1500
Processor Information for processor 11
  Max Mhz: 2000, Current Mhz: 1500, Mhz Limit: 1500

Memory: 4k page, system-wide physical 16076M (1325M free)
TotalPageFile size 51804M (AvailPageFile size 45M)
current process WorkingSet (physical memory assigned to process): 59M, peak: 65M
current process commit charge ("private bytes"): 232M, peak: 241M

vm_info: OpenJDK 64-Bit Server VM (21.0.11+10-LTS) for windows-amd64 JRE (21.0.11+10-LTS), built on 2026-04-21T00:00:00Z by "admin" with MS VC++ 17.12 (VS2022)

END.
